[10:52:47] host: QUIET
[10:52:47] four sets, one server load and one power window each, n=25
[10:52:47]   GSM8K: starting
[10:52:47]   GSM8K: bench exited 1 - see energy-GSM8K.console.log
[10:52:47]   GSM8K             0 s     0 items        0 tok    0.0 W       0.0 J  0.0000 Wh  0.0000 J/tok
[10:52:52]   ALPACA: starting
[10:52:53]   ALPACA: bench exited 1 - see energy-ALPACA.console.log
[10:52:53]   ALPACA            0 s     0 items        0 tok    0.0 W       0.0 J  0.0000 Wh  0.0000 J/tok
[10:52:58]   MeetingBank: starting
[10:52:58]   MeetingBank: bench exited 1 - see energy-MeetingBank.console.log
[10:52:58]   MeetingBank       0 s     0 items        0 tok    0.0 W       0.0 J  0.0000 Wh  0.0000 J/tok
[10:53:03]   MT-Bench: starting
[10:53:03]   MT-Bench: bench exited 1 - see energy-MTBench.console.log
[10:53:03]   MT-Bench          0 s     0 items        0 tok    0.0 W       0.0 J  0.0000 Wh  0.0000 J/tok
[10:53:08] 
[10:53:08] four sets total: 0.0000 Wh of board energy for 0 generated tokens
[10:53:08] DONE
[10:53:48] host: QUIET
[10:53:48] four sets, one server load and one power window each, n=25
[10:53:48]   GSM8K: starting
[10:57:25]   GSM8K           217 s    25 items     8522 tok  331.5 W   71965.0 J  19.9903 Wh  8.4446 J/tok
[10:57:30]   ALPACA: starting
[11:04:10]   ALPACA          400 s    25 items    16421 tok  331.3 W  132384.2 J  36.7734 Wh  8.0619 J/tok
[11:04:15]   MeetingBank: starting
[11:06:29]   MeetingBank     134 s    25 items     3876 tok  328.5 W   43876.5 J  12.1879 Wh  11.3200 J/tok
[11:06:34]   MT-Bench: starting
[11:14:09]   MT-Bench        455 s    25 items    18609 tok  325.6 W  148221.2 J  41.1726 Wh  7.9650 J/tok
[11:14:14] 
[11:14:14] 4 set(s) measured: 110.1242 Wh of board energy for 47428 generated tokens
[11:14:14] DONE
[22:33:02] host: QUIET
[22:33:02] four sets, one server load and one power window each, n=25
[22:33:02] plan: p1.1 GSM8K | p1.2 ALPACA | p1.3 MeetingBank | p1.4 MT-Bench | p2.1 MT-Bench | p2.2 MeetingBank | p2.3 ALPACA | p2.4 GSM8K
[22:33:02]   GSM8K: starting
[22:36:49]   GSM8K           227 s    25 items     8522 tok  328.2 W   74499.0 J  20.6942 Wh  8.7420 J/tok
[22:36:49]                limited by: SwPowerCap 97.7%, Unconstrained 2.3%  (mem util 76%)
[22:36:54]   ALPACA: starting
[22:43:49]   ALPACA          414 s    25 items    16421 tok  335.9 W  139104.7 J  38.6402 Wh  8.4711 J/tok
[22:43:49]                limited by: SwPowerCap 72.9%, SwThermalSlowdown 29.5%, Unconstrained 1.4%  (mem util 79%)
[22:43:54]   MeetingBank: starting
[22:46:14]   MeetingBank     140 s    25 items     3876 tok  322.3 W   45111.7 J  12.5310 Wh  11.6387 J/tok
[22:46:14]                limited by: SwPowerCap 96.5%, SwThermalSlowdown 0.2%, Unconstrained 3.3%  (mem util 64%)
[22:46:19]   MT-Bench: starting
[22:53:57]   MT-Bench        458 s    25 items    18609 tok  335.2 W  153602.5 J  42.6674 Wh  8.2542 J/tok
[22:53:57]                limited by: SwPowerCap 37.7%, SwThermalSlowdown 73.4%, Unconstrained 0.8%  (mem util 80%)
[22:54:02]   MT-Bench: starting
[23:01:51]   MT-Bench        468 s    25 items    18609 tok  329.3 W  154242.8 J  42.8452 Wh  8.2886 J/tok
[23:01:51]                limited by: SwPowerCap 42.6%, SwThermalSlowdown 63.0%, Unconstrained 0.5%  (mem util 80%)
[23:01:56]   MeetingBank: starting
[23:04:13]   MeetingBank     137 s    25 items     3876 tok  326.9 W   44912.3 J  12.4756 Wh  11.5873 J/tok
[23:04:13]                limited by: SwPowerCap 96.0%, SwThermalSlowdown 1.3%, Unconstrained 4.0%  (mem util 63%)
[23:04:18]   ALPACA: starting
[23:11:05]   ALPACA          406 s    25 items    16421 tok  334.1 W  135770.8 J  37.7141 Wh  8.2681 J/tok
[23:11:05]                limited by: SwPowerCap 40.5%, SwThermalSlowdown 70.9%, Unconstrained 1.1%  (mem util 80%)
[23:11:10]   GSM8K: starting
[23:14:49]   GSM8K           219 s    25 items     8522 tok  326.8 W   71673.5 J  19.9093 Wh  8.4104 J/tok
[23:14:49]                limited by: SwPowerCap 44.2%, SwThermalSlowdown 67.4%, Unconstrained 2.2%  (mem util 78%)
[23:14:54] 
[23:14:54] 8 set(s) measured: 227.4770 Wh of board energy for 94856 generated tokens
[23:14:54] DONE
