OpenVINO: using device CPU
print_info: file type   = Q6_K
llama_prepare_model_devices: using device OPENVINO0 (OpenVINO Runtime) (unknown id) - 15900 MiB free
print_info: n_embd_inp            = 1536
print_info: n_embd                = 1536
print_info: n_embd_out            = 1536
print_info: n_layer               = 35
print_info: n_layer_all           = 35
print_info: n_embd_head_k         = 512
print_info: n_embd_head_v         = 512
print_info: n_embd_k_gqa          = [256, 256, 256, 256, 512, 256, 256, 256, 256, 512, 256, 256, 256, 256, 512, 256, 256, 256, 256, 512, 256, 256, 256, 256, 512, 256, 256, 256, 256, 512, 256, 256, 256, 256, 512]
print_info: n_embd_v_gqa          = [256, 256, 256, 256, 512, 256, 256, 256, 256, 512, 256, 256, 256, 256, 512, 256, 256, 256, 256, 512, 256, 256, 256, 256, 512, 256, 256, 256, 256, 512, 256, 256, 256, 256, 512]
print_info: n_embd_head_k_swa     = 256
print_info: n_embd_head_v_swa     = 256
..REQUANT ggml_backend_openvino_buffer_set_tensor: token_embd.weight to Q8_0_C (u8, block_size=1536)
.SHARED ggml_backend_openvino_buffer_set_tensor: per_layer_model_proj.weight
SHARED ggml_backend_openvino_buffer_set_tensor: per_layer_proj_norm.weight
SHARED ggml_backend_openvino_buffer_set_tensor: output_norm.weight
SHARED ggml_backend_openvino_buffer_set_tensor: blk.0.attn_norm.weight
REQUANT ggml_backend_openvino_buffer_set_tensor: blk.0.attn_q.weight to Q8_0_C (u8, block_size=1536)
REQUANT ggml_backend_openvino_buffer_set_tensor: blk.0.attn_k.weight to Q8_0_C (u8, block_size=1536)
REQUANT ggml_backend_openvino_buffer_set_tensor: blk.0.attn_v.weight to Q8_0_C (u8, block_size=1536)
REQUANT ggml_backend_openvino_buffer_set_tensor: blk.0.attn_output.weight to Q8_0_C (u8, block_size=2048)
.SHARED ggml_backend_openvino_buffer_set_tensor: blk.0.attn_q_norm.weight
SHARED ggml_backend_openvino_buffer_set_tensor: blk.0.attn_k_norm.weight
SHARED ggml_backend_openvino_buffer_set_tensor: blk.0.post_attention_norm.weight
SHARED ggml_backend_openvino_buffer_set_tensor: blk.0.layer_output_scale.weight
SHARED ggml_backend_openvino_buffer_set_tensor: blk.0.ffn_norm.weight
REQUANT ggml_backend_openvino_buffer_set_tensor: blk.0.ffn_gate.weight to Q8_0_C (u8, block_size=1536)
REQUANT ggml_backend_openvino_buffer_set_tensor: blk.0.ffn_up.weight to Q8_0_C (u8, block_size=1536)
REQUANT ggml_backend_openvino_buffer_set_tensor: blk.0.ffn_down.weight to Q8_0_C (u8, block_size=6144)
SHARED ggml_backend_openvino_buffer_set_tensor: blk.0.post_ffw_norm.weight
REQUANT ggml_backend_openvino_buffer_set_tensor: blk.0.inp_gate.weight to Q8_0_C (u8, block_size=1536)
REQUANT ggml_backend_openvino_buffer_set_tensor: blk.0.proj.weight to Q8_0_C (u8, block_size=256)
SHARED ggml_backend_openvino_buffer_set_tensor: blk.0.post_norm.weight
SHARED ggml_backend_openvino_buffer_set_tensor: blk.1.attn_norm.weight
REQUANT ggml_backend_openvino_buffer_set_tensor: blk.1.attn_q.weight to Q8_0_C (u8, block_size=1536)
REQUANT ggml_backend_openvino_buffer_set_tensor: blk.1.attn_k.weight to Q8_0_C (u8, block_size=1536)
REQUANT ggml_backend_openvino_buffer_set_tensor: blk.1.attn_v.weight to Q8_0_C (u8, block_size=1536)
REQUANT ggml_backend_openvino_buffer_set_tensor: blk.1.attn_output.weight to Q8_0_C (u8, block_size=2048)
SHARED ggml_backend_openvino_buffer_set_tensor: blk.1.attn_q_norm.weight
SHARED ggml_backend_openvino_buffer_set_tensor: blk.1.attn_k_norm.weight
SHARED ggml_backend_openvino_buffer_set_tensor: blk.1.post_attention_norm.weight
SHARED ggml_backend_openvino_buffer_set_tensor: blk.1.layer_output_scale.weight
SHARED ggml_backend_openvino_buffer_set_tensor: blk.1.ffn_norm.weight
REQUANT ggml_backend_openvino_buffer_set_tensor: blk.1.ffn_gate.weight to Q8_0_C (u8, block_size=1536)
REQUANT ggml_backend_openvino_buffer_set_tensor: blk.1.ffn_up.weight to Q8_0_C (u8, block_size=1536)
.REQUANT ggml_backend_openvino_buffer_set_tensor: blk.1.ffn_down.weight to Q8_0_C (u8, block_size=6144)
SHARED ggml_backend_openvino_buffer_set_tensor: blk.1.post_ffw_norm.weight
REQUANT ggml_backend_openvino_buffer_set_tensor: blk.1.inp_gate.weight to Q8_0_C (u8, block_size=1536)
REQUANT ggml_backend_openvino_buffer_set_tensor: blk.1.proj.weight to Q8_0_C (u8, block_size=256)
SHARED ggml_backend_openvino_buffer_set_tensor: blk.1.post_norm.weight
SHARED ggml_backend_openvino_buffer_set_tensor: blk.2.attn_norm.weight
REQUANT ggml_backend_openvino_buffer_set_tensor: blk.2.attn_q.weight to Q8_0_C (u8, block_size=1536)
REQUANT ggml_backend_openvino_buffer_set_tensor: blk.2.attn_k.weight to Q8_0_C (u8, block_size=1536)
REQUANT ggml_backend_openvino_buffer_set_tensor: blk.2.attn_v.weight to Q8_0_C (u8, block_size=1536)
REQUANT ggml_backend_openvino_buffer_set_tensor: blk.2.attn_output.weight to Q8_0_C (u8, block_size=2048)
SHARED ggml_backend_openvino_buffer_set_tensor: blk.2.attn_q_norm.weight
SHARED ggml_backend_openvino_buffer_set_tensor: blk.2.attn_k_norm.weight
SHARED ggml_backend_openvino_buffer_set_tensor: blk.2.post_attention_norm.weight
SHARED ggml_backend_openvino_buffer_set_tensor: blk.2.layer_output_scale.weight
SHARED ggml_backend_openvino_buffer_set_tensor: blk.2.ffn_norm.weight
REQUANT ggml_backend_openvino_buffer_set_tensor: blk.2.ffn_gate.weight to Q8_0_C (u8, block_size=1536)
REQUANT ggml_backend_openvino_buffer_set_tensor: blk.2.ffn_up.weight to Q8_0_C (u8, block_size=1536)
REQUANT ggml_backend_openvino_buffer_set_tensor: blk.2.ffn_down.weight to Q8_0_C (u8, block_size=6144)
SHARED ggml_backend_openvino_buffer_set_tensor: blk.2.post_ffw_norm.weight
REQUANT ggml_backend_openvino_buffer_set_tensor: blk.2.inp_gate.weight to Q8_0_C (u8, block_size=1536)
REQUANT ggml_backend_openvino_buffer_set_tensor: blk.2.proj.weight to Q8_0_C (u8, block_size=256)
.SHARED ggml_backend_openvino_buffer_set_tensor: blk.2.post_norm.weight
SHARED ggml_backend_openvino_buffer_set_tensor: blk.3.attn_norm.weight
REQUANT ggml_backend_openvino_buffer_set_tensor: blk.3.attn_q.weight to Q8_0_C (u8, block_size=1536)
REQUANT ggml_backend_openvino_buffer_set_tensor: blk.3.attn_k.weight to Q8_0_C (u8, block_size=1536)
REQUANT ggml_backend_openvino_buffer_set_tensor: blk.3.attn_v.weight to Q8_0_C (u8, block_size=1536)
REQUANT ggml_backend_openvino_buffer_set_tensor: blk.3.attn_output.weight to Q8_0_C (u8, block_size=2048)
SHARED ggml_backend_openvino_buffer_set_tensor: blk.3.attn_q_norm.weight
SHARED ggml_backend_openvino_buffer_set_tensor: blk.3.attn_k_norm.weight
SHARED ggml_backend_openvino_buffer_set_tensor: blk.3.post_attention_norm.weight
SHARED ggml_backend_openvino_buffer_set_tensor: blk.3.layer_output_scale.weight
SHARED ggml_backend_openvino_buffer_set_tensor: blk.3.ffn_norm.weight
REQUANT ggml_backend_openvino_buffer_set_tensor: blk.3.ffn_gate.weight to Q8_0_C (u8, block_size=1536)
REQUANT ggml_backend_openvino_buffer_set_tensor: blk.3.ffn_up.weight to Q8_0_C (u8, block_size=1536)
REQUANT ggml_backend_openvino_buffer_set_tensor: blk.3.ffn_down.weight to Q8_0_C (u8, block_size=6144)
SHARED ggml_backend_openvino_buffer_set_tensor: blk.3.post_ffw_norm.weight
REQUANT ggml_backend_openvino_buffer_set_tensor: blk.3.inp_gate.weight to Q8_0_C (u8, block_size=1536)
REQUANT ggml_backend_openvino_buffer_set_tensor: blk.3.proj.weight to Q8_0_C (u8, block_size=256)
SHARED ggml_backend_openvino_buffer_set_tensor: blk.3.post_norm.weight
SHARED ggml_backend_openvino_buffer_set_tensor: blk.4.attn_norm.weight
REQUANT ggml_backend_openvino_buffer_set_tensor: blk.4.attn_q.weight to Q8_0_C (u8, block_size=1536)
REQUANT ggml_backend_openvino_buffer_set_tensor: blk.4.attn_k.weight to Q8_0_C (u8, block_size=1536)
REQUANT ggml_backend_openvino_buffer_set_tensor: blk.4.attn_v.weight to Q8_0_C (u8, block_size=1536)
REQUANT ggml_backend_openvino_buffer_set_tensor: blk.4.attn_output.weight to Q8_0_C (u8, block_size=4096)
SHARED ggml_backend_openvino_buffer_set_tensor: blk.4.attn_q_norm.weight
SHARED ggml_backend_openvino_buffer_set_tensor: blk.4.attn_k_norm.weight
SHARED ggml_backend_openvino_buffer_set_tensor: blk.4.post_attention_norm.weight
SHARED ggml_backend_openvino_buffer_set_tensor: blk.4.layer_output_scale.weight
SHARED ggml_backend_openvino_buffer_set_tensor: rope_freqs.weight
SHARED ggml_backend_openvino_buffer_set_tensor: blk.4.ffn_norm.weight
REQUANT ggml_backend_openvino_buffer_set_tensor: blk.4.ffn_gate.weight to Q8_0_C (u8, block_size=1536)
.REQUANT ggml_backend_openvino_buffer_set_tensor: blk.4.ffn_up.weight to Q8_0_C (u8, block_size=1536)
REQUANT ggml_backend_openvino_buffer_set_tensor: blk.4.ffn_down.weight to Q8_0_C (u8, block_size=6144)
SHARED ggml_backend_openvino_buffer_set_tensor: blk.4.post_ffw_norm.weight
REQUANT ggml_backend_openvino_buffer_set_tensor: blk.4.inp_gate.weight to Q8_0_C (u8, block_size=1536)
REQUANT ggml_backend_openvino_buffer_set_tensor: blk.4.proj.weight to Q8_0_C (u8, block_size=256)
SHARED ggml_backend_openvino_buffer_set_tensor: blk.4.post_norm.weight
SHARED ggml_backend_openvino_buffer_set_tensor: blk.5.attn_norm.weight
REQUANT ggml_backend_openvino_buffer_set_tensor: blk.5.attn_q.weight to Q8_0_C (u8, block_size=1536)
REQUANT ggml_backend_openvino_buffer_set_tensor: blk.5.attn_k.weight to Q8_0_C (u8, block_size=1536)
REQUANT ggml_backend_openvino_buffer_set_tensor: blk.5.attn_v.weight to Q8_0_C (u8, block_size=1536)
REQUANT ggml_backend_openvino_buffer_set_tensor: blk.5.attn_output.weight to Q8_0_C (u8, block_size=2048)
SHARED ggml_backend_openvino_buffer_set_tensor: blk.5.attn_q_norm.weight
SHARED ggml_backend_openvino_buffer_set_tensor: blk.5.attn_k_norm.weight
SHARED ggml_backend_openvino_buffer_set_tensor: blk.5.post_attention_norm.weight
SHARED ggml_backend_openvino_buffer_set_tensor: blk.5.layer_output_scale.weight
SHARED ggml_backend_openvino_buffer_set_tensor: blk.5.ffn_norm.weight
REQUANT ggml_backend_openvino_buffer_set_tensor: blk.5.ffn_gate.weight to Q8_0_C (u8, block_size=1536)
REQUANT ggml_backend_openvino_buffer_set_tensor: blk.5.ffn_up.weight to Q8_0_C (u8, block_size=1536)
.REQUANT ggml_backend_openvino_buffer_set_tensor: blk.5.ffn_down.weight to Q8_0_C (u8, block_size=6144)
SHARED ggml_backend_openvino_buffer_set_tensor: blk.5.post_ffw_norm.weight
REQUANT ggml_backend_openvino_buffer_set_tensor: blk.5.inp_gate.weight to Q8_0_C (u8, block_size=1536)
REQUANT ggml_backend_openvino_buffer_set_tensor: blk.5.proj.weight to Q8_0_C (u8, block_size=256)
SHARED ggml_backend_openvino_buffer_set_tensor: blk.5.post_norm.weight
SHARED ggml_backend_openvino_buffer_set_tensor: blk.6.attn_norm.weight
REQUANT ggml_backend_openvino_buffer_set_tensor: blk.6.attn_q.weight to Q8_0_C (u8, block_size=1536)
REQUANT ggml_backend_openvino_buffer_set_tensor: blk.6.attn_k.weight to Q8_0_C (u8, block_size=1536)
REQUANT ggml_backend_openvino_buffer_set_tensor: blk.6.attn_v.weight to Q8_0_C (u8, block_size=1536)
REQUANT ggml_backend_openvino_buffer_set_tensor: blk.6.attn_output.weight to Q8_0_C (u8, block_size=2048)
SHARED ggml_backend_openvino_buffer_set_tensor: blk.6.attn_q_norm.weight
SHARED ggml_backend_openvino_buffer_set_tensor: blk.6.attn_k_norm.weight
SHARED ggml_backend_openvino_buffer_set_tensor: blk.6.post_attention_norm.weight
SHARED ggml_backend_openvino_buffer_set_tensor: blk.6.layer_output_scale.weight
SHARED ggml_backend_openvino_buffer_set_tensor: blk.6.ffn_norm.weight
REQUANT ggml_backend_openvino_buffer_set_tensor: blk.6.ffn_gate.weight to Q8_0_C (u8, block_size=1536)
REQUANT ggml_backend_openvino_buffer_set_tensor: blk.6.ffn_up.weight to Q8_0_C (u8, block_size=1536)
REQUANT ggml_backend_openvino_buffer_set_tensor: blk.6.ffn_down.weight to Q8_0_C (u8, block_size=6144)
SHARED ggml_backend_openvino_buffer_set_tensor: blk.6.post_ffw_norm.weight
REQUANT ggml_backend_openvino_buffer_set_tensor: blk.6.inp_gate.weight to Q8_0_C (u8, block_size=1536)
REQUANT ggml_backend_openvino_buffer_set_tensor: blk.6.proj.weight to Q8_0_C (u8, block_size=256)
SHARED ggml_backend_openvino_buffer_set_tensor: blk.6.post_norm.weight
SHARED ggml_backend_openvino_buffer_set_tensor: blk.7.attn_norm.weight
REQUANT ggml_backend_openvino_buffer_set_tensor: blk.7.attn_q.weight to Q8_0_C (u8, block_size=1536)
.REQUANT ggml_backend_openvino_buffer_set_tensor: blk.7.attn_k.weight to Q8_0_C (u8, block_size=1536)
REQUANT ggml_backend_openvino_buffer_set_tensor: blk.7.attn_v.weight to Q8_0_C (u8, block_size=1536)
REQUANT ggml_backend_openvino_buffer_set_tensor: blk.7.attn_output.weight to Q8_0_C (u8, block_size=2048)
SHARED ggml_backend_openvino_buffer_set_tensor: blk.7.attn_q_norm.weight
SHARED ggml_backend_openvino_buffer_set_tensor: blk.7.attn_k_norm.weight
SHARED ggml_backend_openvino_buffer_set_tensor: blk.7.post_attention_norm.weight
SHARED ggml_backend_openvino_buffer_set_tensor: blk.7.layer_output_scale.weight
SHARED ggml_backend_openvino_buffer_set_tensor: blk.7.ffn_norm.weight
REQUANT ggml_backend_openvino_buffer_set_tensor: blk.7.ffn_gate.weight to Q8_0_C (u8, block_size=1536)
REQUANT ggml_backend_openvino_buffer_set_tensor: blk.7.ffn_up.weight to Q8_0_C (u8, block_size=1536)
REQUANT ggml_backend_openvino_buffer_set_tensor: blk.7.ffn_down.weight to Q8_0_C (u8, block_size=6144)
SHARED ggml_backend_openvino_buffer_set_tensor: blk.7.post_ffw_norm.weight
REQUANT ggml_backend_openvino_buffer_set_tensor: blk.7.inp_gate.weight to Q8_0_C (u8, block_size=1536)
REQUANT ggml_backend_openvino_buffer_set_tensor: blk.7.proj.weight to Q8_0_C (u8, block_size=256)
SHARED ggml_backend_openvino_buffer_set_tensor: blk.7.post_norm.weight
SHARED ggml_backend_openvino_buffer_set_tensor: blk.8.attn_norm.weight
REQUANT ggml_backend_openvino_buffer_set_tensor: blk.8.attn_q.weight to Q8_0_C (u8, block_size=1536)
REQUANT ggml_backend_openvino_buffer_set_tensor: blk.8.attn_k.weight to Q8_0_C (u8, block_size=1536)
REQUANT ggml_backend_openvino_buffer_set_tensor: blk.8.attn_v.weight to Q8_0_C (u8, block_size=1536)
REQUANT ggml_backend_openvino_buffer_set_tensor: blk.8.attn_output.weight to Q8_0_C (u8, block_size=2048)
SHARED ggml_backend_openvino_buffer_set_tensor: blk.8.attn_q_norm.weight
SHARED ggml_backend_openvino_buffer_set_tensor: blk.8.attn_k_norm.weight
SHARED ggml_backend_openvino_buffer_set_tensor: blk.8.post_attention_norm.weight
SHARED ggml_backend_openvino_buffer_set_tensor: blk.8.layer_output_scale.weight
SHARED ggml_backend_openvino_buffer_set_tensor: blk.8.ffn_norm.weight
REQUANT ggml_backend_openvino_buffer_set_tensor: blk.8.ffn_gate.weight to Q8_0_C (u8, block_size=1536)
.REQUANT ggml_backend_openvino_buffer_set_tensor: blk.8.ffn_up.weight to Q8_0_C (u8, block_size=1536)
REQUANT ggml_backend_openvino_buffer_set_tensor: blk.8.ffn_down.weight to Q8_0_C (u8, block_size=6144)
SHARED ggml_backend_openvino_buffer_set_tensor: blk.8.post_ffw_norm.weight
REQUANT ggml_backend_openvino_buffer_set_tensor: blk.8.inp_gate.weight to Q8_0_C (u8, block_size=1536)
REQUANT ggml_backend_openvino_buffer_set_tensor: blk.8.proj.weight to Q8_0_C (u8, block_size=256)
SHARED ggml_backend_openvino_buffer_set_tensor: blk.8.post_norm.weight
SHARED ggml_backend_openvino_buffer_set_tensor: blk.9.attn_norm.weight
REQUANT ggml_backend_openvino_buffer_set_tensor: blk.9.attn_q.weight to Q8_0_C (u8, block_size=1536)
REQUANT ggml_backend_openvino_buffer_set_tensor: blk.9.attn_k.weight to Q8_0_C (u8, block_size=1536)
REQUANT ggml_backend_openvino_buffer_set_tensor: blk.9.attn_v.weight to Q8_0_C (u8, block_size=1536)
REQUANT ggml_backend_openvino_buffer_set_tensor: blk.9.attn_output.weight to Q8_0_C (u8, block_size=4096)
SHARED ggml_backend_openvino_buffer_set_tensor: blk.9.attn_q_norm.weight
SHARED ggml_backend_openvino_buffer_set_tensor: blk.9.attn_k_norm.weight
SHARED ggml_backend_openvino_buffer_set_tensor: blk.9.post_attention_norm.weight
SHARED ggml_backend_openvino_buffer_set_tensor: blk.9.layer_output_scale.weight
SHARED ggml_backend_openvino_buffer_set_tensor: blk.9.ffn_norm.weight
REQUANT ggml_backend_openvino_buffer_set_tensor: blk.9.ffn_gate.weight to Q8_0_C (u8, block_size=1536)
REQUANT ggml_backend_openvino_buffer_set_tensor: blk.9.ffn_up.weight to Q8_0_C (u8, block_size=1536)
.REQUANT ggml_backend_openvino_buffer_set_tensor: blk.9.ffn_down.weight to Q8_0_C (u8, block_size=6144)
SHARED ggml_backend_openvino_buffer_set_tensor: blk.9.post_ffw_norm.weight
REQUANT ggml_backend_openvino_buffer_set_tensor: blk.9.inp_gate.weight to Q8_0_C (u8, block_size=1536)
REQUANT ggml_backend_openvino_buffer_set_tensor: blk.9.proj.weight to Q8_0_C (u8, block_size=256)
SHARED ggml_backend_openvino_buffer_set_tensor: blk.9.post_norm.weight
SHARED ggml_backend_openvino_buffer_set_tensor: blk.10.attn_norm.weight
REQUANT ggml_backend_openvino_buffer_set_tensor: blk.10.attn_q.weight to Q8_0_C (u8, block_size=1536)
REQUANT ggml_backend_openvino_buffer_set_tensor: blk.10.attn_k.weight to Q8_0_C (u8, block_size=1536)
REQUANT ggml_backend_openvino_buffer_set_tensor: blk.10.attn_v.weight to Q8_0_C (u8, block_size=1536)
REQUANT ggml_backend_openvino_buffer_set_tensor: blk.10.attn_output.weight to Q8_0_C (u8, block_size=2048)
SHARED ggml_backend_openvino_buffer_set_tensor: blk.10.attn_q_norm.weight
SHARED ggml_backend_openvino_buffer_set_tensor: blk.10.attn_k_norm.weight
SHARED ggml_backend_openvino_buffer_set_tensor: blk.10.post_attention_norm.weight
SHARED ggml_backend_openvino_buffer_set_tensor: blk.10.layer_output_scale.weight
SHARED ggml_backend_openvino_buffer_set_tensor: blk.10.ffn_norm.weight
REQUANT ggml_backend_openvino_buffer_set_tensor: blk.10.ffn_gate.weight to Q8_0_C (u8, block_size=1536)
REQUANT ggml_backend_openvino_buffer_set_tensor: blk.10.ffn_up.weight to Q8_0_C (u8, block_size=1536)
REQUANT ggml_backend_openvino_buffer_set_tensor: blk.10.ffn_down.weight to Q8_0_C (u8, block_size=6144)
SHARED ggml_backend_openvino_buffer_set_tensor: blk.10.post_ffw_norm.weight
REQUANT ggml_backend_openvino_buffer_set_tensor: blk.10.inp_gate.weight to Q8_0_C (u8, block_size=1536)
REQUANT ggml_backend_openvino_buffer_set_tensor: blk.10.proj.weight to Q8_0_C (u8, block_size=256)
SHARED ggml_backend_openvino_buffer_set_tensor: blk.10.post_norm.weight
SHARED ggml_backend_openvino_buffer_set_tensor: blk.11.attn_norm.weight
REQUANT ggml_backend_openvino_buffer_set_tensor: blk.11.attn_q.weight to Q8_0_C (u8, block_size=1536)
.REQUANT ggml_backend_openvino_buffer_set_tensor: blk.11.attn_k.weight to Q8_0_C (u8, block_size=1536)
REQUANT ggml_backend_openvino_buffer_set_tensor: blk.11.attn_v.weight to Q8_0_C (u8, block_size=1536)
REQUANT ggml_backend_openvino_buffer_set_tensor: blk.11.attn_output.weight to Q8_0_C (u8, block_size=2048)
SHARED ggml_backend_openvino_buffer_set_tensor: blk.11.attn_q_norm.weight
SHARED ggml_backend_openvino_buffer_set_tensor: blk.11.attn_k_norm.weight
SHARED ggml_backend_openvino_buffer_set_tensor: blk.11.post_attention_norm.weight
SHARED ggml_backend_openvino_buffer_set_tensor: blk.11.layer_output_scale.weight
SHARED ggml_backend_openvino_buffer_set_tensor: blk.11.ffn_norm.weight
REQUANT ggml_backend_openvino_buffer_set_tensor: blk.11.ffn_gate.weight to Q8_0_C (u8, block_size=1536)
REQUANT ggml_backend_openvino_buffer_set_tensor: blk.11.ffn_up.weight to Q8_0_C (u8, block_size=1536)
REQUANT ggml_backend_openvino_buffer_set_tensor: blk.11.ffn_down.weight to Q8_0_C (u8, block_size=6144)
SHARED ggml_backend_openvino_buffer_set_tensor: blk.11.post_ffw_norm.weight
REQUANT ggml_backend_openvino_buffer_set_tensor: blk.11.inp_gate.weight to Q8_0_C (u8, block_size=1536)
REQUANT ggml_backend_openvino_buffer_set_tensor: blk.11.proj.weight to Q8_0_C (u8, block_size=256)
SHARED ggml_backend_openvino_buffer_set_tensor: blk.11.post_norm.weight
SHARED ggml_backend_openvino_buffer_set_tensor: blk.12.attn_norm.weight
REQUANT ggml_backend_openvino_buffer_set_tensor: blk.12.attn_q.weight to Q8_0_C (u8, block_size=1536)
REQUANT ggml_backend_openvino_buffer_set_tensor: blk.12.attn_k.weight to Q8_0_C (u8, block_size=1536)
REQUANT ggml_backend_openvino_buffer_set_tensor: blk.12.attn_v.weight to Q8_0_C (u8, block_size=1536)
REQUANT ggml_backend_openvino_buffer_set_tensor: blk.12.attn_output.weight to Q8_0_C (u8, block_size=2048)
SHARED ggml_backend_openvino_buffer_set_tensor: blk.12.attn_q_norm.weight
SHARED ggml_backend_openvino_buffer_set_tensor: blk.12.attn_k_norm.weight
SHARED ggml_backend_openvino_buffer_set_tensor: blk.12.post_attention_norm.weight
SHARED ggml_backend_openvino_buffer_set_tensor: blk.12.layer_output_scale.weight
SHARED ggml_backend_openvino_buffer_set_tensor: blk.12.ffn_norm.weight
REQUANT ggml_backend_openvino_buffer_set_tensor: blk.12.ffn_gate.weight to Q8_0_C (u8, block_size=1536)
.REQUANT ggml_backend_openvino_buffer_set_tensor: blk.12.ffn_up.weight to Q8_0_C (u8, block_size=1536)
REQUANT ggml_backend_openvino_buffer_set_tensor: blk.12.ffn_down.weight to Q8_0_C (u8, block_size=6144)
SHARED ggml_backend_openvino_buffer_set_tensor: blk.12.post_ffw_norm.weight
REQUANT ggml_backend_openvino_buffer_set_tensor: blk.12.inp_gate.weight to Q8_0_C (u8, block_size=1536)
REQUANT ggml_backend_openvino_buffer_set_tensor: blk.12.proj.weight to Q8_0_C (u8, block_size=256)
SHARED ggml_backend_openvino_buffer_set_tensor: blk.12.post_norm.weight
SHARED ggml_backend_openvino_buffer_set_tensor: blk.13.attn_norm.weight
REQUANT ggml_backend_openvino_buffer_set_tensor: blk.13.attn_q.weight to Q8_0_C (u8, block_size=1536)
REQUANT ggml_backend_openvino_buffer_set_tensor: blk.13.attn_k.weight to Q8_0_C (u8, block_size=1536)
REQUANT ggml_backend_openvino_buffer_set_tensor: blk.13.attn_v.weight to Q8_0_C (u8, block_size=1536)
REQUANT ggml_backend_openvino_buffer_set_tensor: blk.13.attn_output.weight to Q8_0_C (u8, block_size=2048)
SHARED ggml_backend_openvino_buffer_set_tensor: blk.13.attn_q_norm.weight
SHARED ggml_backend_openvino_buffer_set_tensor: blk.13.attn_k_norm.weight
SHARED ggml_backend_openvino_buffer_set_tensor: blk.13.post_attention_norm.weight
SHARED ggml_backend_openvino_buffer_set_tensor: blk.13.layer_output_scale.weight
SHARED ggml_backend_openvino_buffer_set_tensor: blk.13.ffn_norm.weight
REQUANT ggml_backend_openvino_buffer_set_tensor: blk.13.ffn_gate.weight to Q8_0_C (u8, block_size=1536)
REQUANT ggml_backend_openvino_buffer_set_tensor: blk.13.ffn_up.weight to Q8_0_C (u8, block_size=1536)
REQUANT ggml_backend_openvino_buffer_set_tensor: blk.13.ffn_down.weight to Q8_0_C (u8, block_size=6144)
.SHARED ggml_backend_openvino_buffer_set_tensor: blk.13.post_ffw_norm.weight
REQUANT ggml_backend_openvino_buffer_set_tensor: blk.13.inp_gate.weight to Q8_0_C (u8, block_size=1536)
REQUANT ggml_backend_openvino_buffer_set_tensor: blk.13.proj.weight to Q8_0_C (u8, block_size=256)
SHARED ggml_backend_openvino_buffer_set_tensor: blk.13.post_norm.weight
SHARED ggml_backend_openvino_buffer_set_tensor: blk.14.attn_norm.weight
REQUANT ggml_backend_openvino_buffer_set_tensor: blk.14.attn_q.weight to Q8_0_C (u8, block_size=1536)
REQUANT ggml_backend_openvino_buffer_set_tensor: blk.14.attn_k.weight to Q8_0_C (u8, block_size=1536)
REQUANT ggml_backend_openvino_buffer_set_tensor: blk.14.attn_v.weight to Q8_0_C (u8, block_size=1536)
REQUANT ggml_backend_openvino_buffer_set_tensor: blk.14.attn_output.weight to Q8_0_C (u8, block_size=4096)
SHARED ggml_backend_openvino_buffer_set_tensor: blk.14.attn_q_norm.weight
SHARED ggml_backend_openvino_buffer_set_tensor: blk.14.attn_k_norm.weight
SHARED ggml_backend_openvino_buffer_set_tensor: blk.14.post_attention_norm.weight
SHARED ggml_backend_openvino_buffer_set_tensor: blk.14.layer_output_scale.weight
SHARED ggml_backend_openvino_buffer_set_tensor: blk.14.ffn_norm.weight
REQUANT ggml_backend_openvino_buffer_set_tensor: blk.14.ffn_gate.weight to Q8_0_C (u8, block_size=1536)
REQUANT ggml_backend_openvino_buffer_set_tensor: blk.14.ffn_up.weight to Q8_0_C (u8, block_size=1536)
REQUANT ggml_backend_openvino_buffer_set_tensor: blk.14.ffn_down.weight to Q8_0_C (u8, block_size=6144)
SHARED ggml_backend_openvino_buffer_set_tensor: blk.14.post_ffw_norm.weight
REQUANT ggml_backend_openvino_buffer_set_tensor: blk.14.inp_gate.weight to Q8_0_C (u8, block_size=1536)
REQUANT ggml_backend_openvino_buffer_set_tensor: blk.14.proj.weight to Q8_0_C (u8, block_size=256)
SHARED ggml_backend_openvino_buffer_set_tensor: blk.14.post_norm.weight
SHARED ggml_backend_openvino_buffer_set_tensor: blk.15.attn_norm.weight
REQUANT ggml_backend_openvino_buffer_set_tensor: blk.15.attn_q.weight to Q8_0_C (u8, block_size=1536)
.REQUANT ggml_backend_openvino_buffer_set_tensor: blk.15.attn_k.weight to Q8_0_C (u8, block_size=1536)
REQUANT ggml_backend_openvino_buffer_set_tensor: blk.15.attn_v.weight to Q8_0_C (u8, block_size=1536)
REQUANT ggml_backend_openvino_buffer_set_tensor: blk.15.attn_output.weight to Q8_0_C (u8, block_size=2048)
SHARED ggml_backend_openvino_buffer_set_tensor: blk.15.attn_q_norm.weight
SHARED ggml_backend_openvino_buffer_set_tensor: blk.15.attn_k_norm.weight
SHARED ggml_backend_openvino_buffer_set_tensor: blk.15.post_attention_norm.weight
SHARED ggml_backend_openvino_buffer_set_tensor: blk.15.layer_output_scale.weight
SHARED ggml_backend_openvino_buffer_set_tensor: blk.15.ffn_norm.weight
REQUANT ggml_backend_openvino_buffer_set_tensor: blk.15.ffn_gate.weight to Q8_0_C (u8, block_size=1536)
REQUANT ggml_backend_openvino_buffer_set_tensor: blk.15.ffn_up.weight to Q8_0_C (u8, block_size=1536)
REQUANT ggml_backend_openvino_buffer_set_tensor: blk.15.ffn_down.weight to Q8_0_C (u8, block_size=12288)
.SHARED ggml_backend_openvino_buffer_set_tensor: blk.15.post_ffw_norm.weight
REQUANT ggml_backend_openvino_buffer_set_tensor: blk.15.inp_gate.weight to Q8_0_C (u8, block_size=1536)
REQUANT ggml_backend_openvino_buffer_set_tensor: blk.15.proj.weight to Q8_0_C (u8, block_size=256)
SHARED ggml_backend_openvino_buffer_set_tensor: blk.15.post_norm.weight
SHARED ggml_backend_openvino_buffer_set_tensor: blk.16.attn_norm.weight
REQUANT ggml_backend_openvino_buffer_set_tensor: blk.16.attn_q.weight to Q8_0_C (u8, block_size=1536)
REQUANT ggml_backend_openvino_buffer_set_tensor: blk.16.attn_k.weight to Q8_0_C (u8, block_size=1536)
REQUANT ggml_backend_openvino_buffer_set_tensor: blk.16.attn_v.weight to Q8_0_C (u8, block_size=1536)
REQUANT ggml_backend_openvino_buffer_set_tensor: blk.16.attn_output.weight to Q8_0_C (u8, block_size=2048)
SHARED ggml_backend_openvino_buffer_set_tensor: blk.16.attn_q_norm.weight
SHARED ggml_backend_openvino_buffer_set_tensor: blk.16.attn_k_norm.weight
SHARED ggml_backend_openvino_buffer_set_tensor: blk.16.post_attention_norm.weight
SHARED ggml_backend_openvino_buffer_set_tensor: blk.16.layer_output_scale.weight
SHARED ggml_backend_openvino_buffer_set_tensor: blk.16.ffn_norm.weight
REQUANT ggml_backend_openvino_buffer_set_tensor: blk.16.ffn_gate.weight to Q8_0_C (u8, block_size=1536)
REQUANT ggml_backend_openvino_buffer_set_tensor: blk.16.ffn_up.weight to Q8_0_C (u8, block_size=1536)
.REQUANT ggml_backend_openvino_buffer_set_tensor: blk.16.ffn_down.weight to Q8_0_C (u8, block_size=12288)
SHARED ggml_backend_openvino_buffer_set_tensor: blk.16.post_ffw_norm.weight
REQUANT ggml_backend_openvino_buffer_set_tensor: blk.16.inp_gate.weight to Q8_0_C (u8, block_size=1536)
REQUANT ggml_backend_openvino_buffer_set_tensor: blk.16.proj.weight to Q8_0_C (u8, block_size=256)
SHARED ggml_backend_openvino_buffer_set_tensor: blk.16.post_norm.weight
SHARED ggml_backend_openvino_buffer_set_tensor: blk.17.attn_norm.weight
REQUANT ggml_backend_openvino_buffer_set_tensor: blk.17.attn_q.weight to Q8_0_C (u8, block_size=1536)
REQUANT ggml_backend_openvino_buffer_set_tensor: blk.17.attn_k.weight to Q8_0_C (u8, block_size=1536)
REQUANT ggml_backend_openvino_buffer_set_tensor: blk.17.attn_v.weight to Q8_0_C (u8, block_size=1536)
REQUANT ggml_backend_openvino_buffer_set_tensor: blk.17.attn_output.weight to Q8_0_C (u8, block_size=2048)
SHARED ggml_backend_openvino_buffer_set_tensor: blk.17.attn_q_norm.weight
SHARED ggml_backend_openvino_buffer_set_tensor: blk.17.attn_k_norm.weight
SHARED ggml_backend_openvino_buffer_set_tensor: blk.17.post_attention_norm.weight
SHARED ggml_backend_openvino_buffer_set_tensor: blk.17.layer_output_scale.weight
SHARED ggml_backend_openvino_buffer_set_tensor: blk.17.ffn_norm.weight
REQUANT ggml_backend_openvino_buffer_set_tensor: blk.17.ffn_gate.weight to Q8_0_C (u8, block_size=1536)
.REQUANT ggml_backend_openvino_buffer_set_tensor: blk.17.ffn_up.weight to Q8_0_C (u8, block_size=1536)
REQUANT ggml_backend_openvino_buffer_set_tensor: blk.17.ffn_down.weight to Q8_0_C (u8, block_size=12288)
SHARED ggml_backend_openvino_buffer_set_tensor: blk.17.post_ffw_norm.weight
REQUANT ggml_backend_openvino_buffer_set_tensor: blk.17.inp_gate.weight to Q8_0_C (u8, block_size=1536)
REQUANT ggml_backend_openvino_buffer_set_tensor: blk.17.proj.weight to Q8_0_C (u8, block_size=256)
SHARED ggml_backend_openvino_buffer_set_tensor: blk.17.post_norm.weight
SHARED ggml_backend_openvino_buffer_set_tensor: blk.18.attn_norm.weight
REQUANT ggml_backend_openvino_buffer_set_tensor: blk.18.attn_q.weight to Q8_0_C (u8, block_size=1536)
REQUANT ggml_backend_openvino_buffer_set_tensor: blk.18.attn_k.weight to Q8_0_C (u8, block_size=1536)
REQUANT ggml_backend_openvino_buffer_set_tensor: blk.18.attn_v.weight to Q8_0_C (u8, block_size=1536)
REQUANT ggml_backend_openvino_buffer_set_tensor: blk.18.attn_output.weight to Q8_0_C (u8, block_size=2048)
SHARED ggml_backend_openvino_buffer_set_tensor: blk.18.attn_q_norm.weight
SHARED ggml_backend_openvino_buffer_set_tensor: blk.18.attn_k_norm.weight
SHARED ggml_backend_openvino_buffer_set_tensor: blk.18.post_attention_norm.weight
SHARED ggml_backend_openvino_buffer_set_tensor: blk.18.layer_output_scale.weight
SHARED ggml_backend_openvino_buffer_set_tensor: blk.18.ffn_norm.weight
REQUANT ggml_backend_openvino_buffer_set_tensor: blk.18.ffn_gate.weight to Q8_0_C (u8, block_size=1536)
.REQUANT ggml_backend_openvino_buffer_set_tensor: blk.18.ffn_up.weight to Q8_0_C (u8, block_size=1536)
REQUANT ggml_backend_openvino_buffer_set_tensor: blk.18.ffn_down.weight to Q8_0_C (u8, block_size=12288)
.SHARED ggml_backend_openvino_buffer_set_tensor: blk.18.post_ffw_norm.weight
REQUANT ggml_backend_openvino_buffer_set_tensor: blk.18.inp_gate.weight to Q8_0_C (u8, block_size=1536)
REQUANT ggml_backend_openvino_buffer_set_tensor: blk.18.proj.weight to Q8_0_C (u8, block_size=256)
SHARED ggml_backend_openvino_buffer_set_tensor: blk.18.post_norm.weight
SHARED ggml_backend_openvino_buffer_set_tensor: blk.19.attn_norm.weight
REQUANT ggml_backend_openvino_buffer_set_tensor: blk.19.attn_q.weight to Q8_0_C (u8, block_size=1536)
REQUANT ggml_backend_openvino_buffer_set_tensor: blk.19.attn_k.weight to Q8_0_C (u8, block_size=1536)
REQUANT ggml_backend_openvino_buffer_set_tensor: blk.19.attn_v.weight to Q8_0_C (u8, block_size=1536)
REQUANT ggml_backend_openvino_buffer_set_tensor: blk.19.attn_output.weight to Q8_0_C (u8, block_size=4096)
SHARED ggml_backend_openvino_buffer_set_tensor: blk.19.attn_q_norm.weight
SHARED ggml_backend_openvino_buffer_set_tensor: blk.19.attn_k_norm.weight
SHARED ggml_backend_openvino_buffer_set_tensor: blk.19.post_attention_norm.weight
SHARED ggml_backend_openvino_buffer_set_tensor: blk.19.layer_output_scale.weight
SHARED ggml_backend_openvino_buffer_set_tensor: blk.19.ffn_norm.weight
REQUANT ggml_backend_openvino_buffer_set_tensor: blk.19.ffn_gate.weight to Q8_0_C (u8, block_size=1536)
REQUANT ggml_backend_openvino_buffer_set_tensor: blk.19.ffn_up.weight to Q8_0_C (u8, block_size=1536)
.REQUANT ggml_backend_openvino_buffer_set_tensor: blk.19.ffn_down.weight to Q8_0_C (u8, block_size=12288)
SHARED ggml_backend_openvino_buffer_set_tensor: blk.19.post_ffw_norm.weight
REQUANT ggml_backend_openvino_buffer_set_tensor: blk.19.inp_gate.weight to Q8_0_C (u8, block_size=1536)
REQUANT ggml_backend_openvino_buffer_set_tensor: blk.19.proj.weight to Q8_0_C (u8, block_size=256)
SHARED ggml_backend_openvino_buffer_set_tensor: blk.19.post_norm.weight
SHARED ggml_backend_openvino_buffer_set_tensor: blk.20.attn_norm.weight
REQUANT ggml_backend_openvino_buffer_set_tensor: blk.20.attn_q.weight to Q8_0_C (u8, block_size=1536)
REQUANT ggml_backend_openvino_buffer_set_tensor: blk.20.attn_k.weight to Q8_0_C (u8, block_size=1536)
REQUANT ggml_backend_openvino_buffer_set_tensor: blk.20.attn_v.weight to Q8_0_C (u8, block_size=1536)
REQUANT ggml_backend_openvino_buffer_set_tensor: blk.20.attn_output.weight to Q8_0_C (u8, block_size=2048)
SHARED ggml_backend_openvino_buffer_set_tensor: blk.20.attn_q_norm.weight
SHARED ggml_backend_openvino_buffer_set_tensor: blk.20.attn_k_norm.weight
SHARED ggml_backend_openvino_buffer_set_tensor: blk.20.post_attention_norm.weight
SHARED ggml_backend_openvino_buffer_set_tensor: blk.20.layer_output_scale.weight
SHARED ggml_backend_openvino_buffer_set_tensor: blk.20.ffn_norm.weight
REQUANT ggml_backend_openvino_buffer_set_tensor: blk.20.ffn_gate.weight to Q8_0_C (u8, block_size=1536)
.REQUANT ggml_backend_openvino_buffer_set_tensor: blk.20.ffn_up.weight to Q8_0_C (u8, block_size=1536)
REQUANT ggml_backend_openvino_buffer_set_tensor: blk.20.ffn_down.weight to Q8_0_C (u8, block_size=12288)
SHARED ggml_backend_openvino_buffer_set_tensor: blk.20.post_ffw_norm.weight
REQUANT ggml_backend_openvino_buffer_set_tensor: blk.20.inp_gate.weight to Q8_0_C (u8, block_size=1536)
REQUANT ggml_backend_openvino_buffer_set_tensor: blk.20.proj.weight to Q8_0_C (u8, block_size=256)
SHARED ggml_backend_openvino_buffer_set_tensor: blk.20.post_norm.weight
SHARED ggml_backend_openvino_buffer_set_tensor: blk.21.attn_norm.weight
REQUANT ggml_backend_openvino_buffer_set_tensor: blk.21.attn_q.weight to Q8_0_C (u8, block_size=1536)
REQUANT ggml_backend_openvino_buffer_set_tensor: blk.21.attn_k.weight to Q8_0_C (u8, block_size=1536)
REQUANT ggml_backend_openvino_buffer_set_tensor: blk.21.attn_v.weight to Q8_0_C (u8, block_size=1536)
REQUANT ggml_backend_openvino_buffer_set_tensor: blk.21.attn_output.weight to Q8_0_C (u8, block_size=2048)
SHARED ggml_backend_openvino_buffer_set_tensor: blk.21.attn_q_norm.weight
SHARED ggml_backend_openvino_buffer_set_tensor: blk.21.attn_k_norm.weight
SHARED ggml_backend_openvino_buffer_set_tensor: blk.21.post_attention_norm.weight
SHARED ggml_backend_openvino_buffer_set_tensor: blk.21.layer_output_scale.weight
SHARED ggml_backend_openvino_buffer_set_tensor: blk.21.ffn_norm.weight
REQUANT ggml_backend_openvino_buffer_set_tensor: blk.21.ffn_gate.weight to Q8_0_C (u8, block_size=1536)
.REQUANT ggml_backend_openvino_buffer_set_tensor: blk.21.ffn_up.weight to Q8_0_C (u8, block_size=1536)
REQUANT ggml_backend_openvino_buffer_set_tensor: blk.21.ffn_down.weight to Q8_0_C (u8, block_size=12288)
.SHARED ggml_backend_openvino_buffer_set_tensor: blk.21.post_ffw_norm.weight
REQUANT ggml_backend_openvino_buffer_set_tensor: blk.21.inp_gate.weight to Q8_0_C (u8, block_size=1536)
REQUANT ggml_backend_openvino_buffer_set_tensor: blk.21.proj.weight to Q8_0_C (u8, block_size=256)
SHARED ggml_backend_openvino_buffer_set_tensor: blk.21.post_norm.weight
SHARED ggml_backend_openvino_buffer_set_tensor: blk.22.attn_norm.weight
REQUANT ggml_backend_openvino_buffer_set_tensor: blk.22.attn_q.weight to Q8_0_C (u8, block_size=1536)
REQUANT ggml_backend_openvino_buffer_set_tensor: blk.22.attn_k.weight to Q8_0_C (u8, block_size=1536)
REQUANT ggml_backend_openvino_buffer_set_tensor: blk.22.attn_v.weight to Q8_0_C (u8, block_size=1536)
REQUANT ggml_backend_openvino_buffer_set_tensor: blk.22.attn_output.weight to Q8_0_C (u8, block_size=2048)
SHARED ggml_backend_openvino_buffer_set_tensor: blk.22.attn_q_norm.weight
SHARED ggml_backend_openvino_buffer_set_tensor: blk.22.attn_k_norm.weight
SHARED ggml_backend_openvino_buffer_set_tensor: blk.22.post_attention_norm.weight
SHARED ggml_backend_openvino_buffer_set_tensor: blk.22.layer_output_scale.weight
SHARED ggml_backend_openvino_buffer_set_tensor: blk.22.ffn_norm.weight
REQUANT ggml_backend_openvino_buffer_set_tensor: blk.22.ffn_gate.weight to Q8_0_C (u8, block_size=1536)
REQUANT ggml_backend_openvino_buffer_set_tensor: blk.22.ffn_up.weight to Q8_0_C (u8, block_size=1536)
REQUANT ggml_backend_openvino_buffer_set_tensor: blk.22.ffn_down.weight to Q8_0_C (u8, block_size=12288)
.SHARED ggml_backend_openvino_buffer_set_tensor: blk.22.post_ffw_norm.weight
REQUANT ggml_backend_openvino_buffer_set_tensor: blk.22.inp_gate.weight to Q8_0_C (u8, block_size=1536)
REQUANT ggml_backend_openvino_buffer_set_tensor: blk.22.proj.weight to Q8_0_C (u8, block_size=256)
SHARED ggml_backend_openvino_buffer_set_tensor: blk.22.post_norm.weight
SHARED ggml_backend_openvino_buffer_set_tensor: blk.23.attn_norm.weight
REQUANT ggml_backend_openvino_buffer_set_tensor: blk.23.attn_q.weight to Q8_0_C (u8, block_size=1536)
REQUANT ggml_backend_openvino_buffer_set_tensor: blk.23.attn_k.weight to Q8_0_C (u8, block_size=1536)
REQUANT ggml_backend_openvino_buffer_set_tensor: blk.23.attn_v.weight to Q8_0_C (u8, block_size=1536)
REQUANT ggml_backend_openvino_buffer_set_tensor: blk.23.attn_output.weight to Q8_0_C (u8, block_size=2048)
SHARED ggml_backend_openvino_buffer_set_tensor: blk.23.attn_q_norm.weight
SHARED ggml_backend_openvino_buffer_set_tensor: blk.23.attn_k_norm.weight
SHARED ggml_backend_openvino_buffer_set_tensor: blk.23.post_attention_norm.weight
SHARED ggml_backend_openvino_buffer_set_tensor: blk.23.layer_output_scale.weight
SHARED ggml_backend_openvino_buffer_set_tensor: blk.23.ffn_norm.weight
REQUANT ggml_backend_openvino_buffer_set_tensor: blk.23.ffn_gate.weight to Q8_0_C (u8, block_size=1536)
REQUANT ggml_backend_openvino_buffer_set_tensor: blk.23.ffn_up.weight to Q8_0_C (u8, block_size=1536)
.REQUANT ggml_backend_openvino_buffer_set_tensor: blk.23.ffn_down.weight to Q8_0_C (u8, block_size=12288)
SHARED ggml_backend_openvino_buffer_set_tensor: blk.23.post_ffw_norm.weight
REQUANT ggml_backend_openvino_buffer_set_tensor: blk.23.inp_gate.weight to Q8_0_C (u8, block_size=1536)
REQUANT ggml_backend_openvino_buffer_set_tensor: blk.23.proj.weight to Q8_0_C (u8, block_size=256)
SHARED ggml_backend_openvino_buffer_set_tensor: blk.23.post_norm.weight
SHARED ggml_backend_openvino_buffer_set_tensor: blk.24.attn_norm.weight
REQUANT ggml_backend_openvino_buffer_set_tensor: blk.24.attn_q.weight to Q8_0_C (u8, block_size=1536)
REQUANT ggml_backend_openvino_buffer_set_tensor: blk.24.attn_k.weight to Q8_0_C (u8, block_size=1536)
REQUANT ggml_backend_openvino_buffer_set_tensor: blk.24.attn_v.weight to Q8_0_C (u8, block_size=1536)
REQUANT ggml_backend_openvino_buffer_set_tensor: blk.24.attn_output.weight to Q8_0_C (u8, block_size=4096)
SHARED ggml_backend_openvino_buffer_set_tensor: blk.24.attn_q_norm.weight
SHARED ggml_backend_openvino_buffer_set_tensor: blk.24.attn_k_norm.weight
SHARED ggml_backend_openvino_buffer_set_tensor: blk.24.post_attention_norm.weight
SHARED ggml_backend_openvino_buffer_set_tensor: blk.24.layer_output_scale.weight
SHARED ggml_backend_openvino_buffer_set_tensor: blk.24.ffn_norm.weight
REQUANT ggml_backend_openvino_buffer_set_tensor: blk.24.ffn_gate.weight to Q8_0_C (u8, block_size=1536)
.REQUANT ggml_backend_openvino_buffer_set_tensor: blk.24.ffn_up.weight to Q8_0_C (u8, block_size=1536)
REQUANT ggml_backend_openvino_buffer_set_tensor: blk.24.ffn_down.weight to Q8_0_C (u8, block_size=12288)
SHARED ggml_backend_openvino_buffer_set_tensor: blk.24.post_ffw_norm.weight
REQUANT ggml_backend_openvino_buffer_set_tensor: blk.24.inp_gate.weight to Q8_0_C (u8, block_size=1536)
REQUANT ggml_backend_openvino_buffer_set_tensor: blk.24.proj.weight to Q8_0_C (u8, block_size=256)
SHARED ggml_backend_openvino_buffer_set_tensor: blk.24.post_norm.weight
SHARED ggml_backend_openvino_buffer_set_tensor: blk.25.attn_norm.weight
REQUANT ggml_backend_openvino_buffer_set_tensor: blk.25.attn_q.weight to Q8_0_C (u8, block_size=1536)
.REQUANT ggml_backend_openvino_buffer_set_tensor: blk.25.attn_k.weight to Q8_0_C (u8, block_size=1536)
REQUANT ggml_backend_openvino_buffer_set_tensor: blk.25.attn_v.weight to Q8_0_C (u8, block_size=1536)
REQUANT ggml_backend_openvino_buffer_set_tensor: blk.25.attn_output.weight to Q8_0_C (u8, block_size=2048)
SHARED ggml_backend_openvino_buffer_set_tensor: blk.25.attn_q_norm.weight
SHARED ggml_backend_openvino_buffer_set_tensor: blk.25.attn_k_norm.weight
SHARED ggml_backend_openvino_buffer_set_tensor: blk.25.post_attention_norm.weight
SHARED ggml_backend_openvino_buffer_set_tensor: blk.25.layer_output_scale.weight
SHARED ggml_backend_openvino_buffer_set_tensor: blk.25.ffn_norm.weight
REQUANT ggml_backend_openvino_buffer_set_tensor: blk.25.ffn_gate.weight to Q8_0_C (u8, block_size=1536)
REQUANT ggml_backend_openvino_buffer_set_tensor: blk.25.ffn_up.weight to Q8_0_C (u8, block_size=1536)
REQUANT ggml_backend_openvino_buffer_set_tensor: blk.25.ffn_down.weight to Q8_0_C (u8, block_size=12288)
.SHARED ggml_backend_openvino_buffer_set_tensor: blk.25.post_ffw_norm.weight
REQUANT ggml_backend_openvino_buffer_set_tensor: blk.25.inp_gate.weight to Q8_0_C (u8, block_size=1536)
REQUANT ggml_backend_openvino_buffer_set_tensor: blk.25.proj.weight to Q8_0_C (u8, block_size=256)
SHARED ggml_backend_openvino_buffer_set_tensor: blk.25.post_norm.weight
SHARED ggml_backend_openvino_buffer_set_tensor: blk.26.attn_norm.weight
REQUANT ggml_backend_openvino_buffer_set_tensor: blk.26.attn_q.weight to Q8_0_C (u8, block_size=1536)
REQUANT ggml_backend_openvino_buffer_set_tensor: blk.26.attn_k.weight to Q8_0_C (u8, block_size=1536)
REQUANT ggml_backend_openvino_buffer_set_tensor: blk.26.attn_v.weight to Q8_0_C (u8, block_size=1536)
REQUANT ggml_backend_openvino_buffer_set_tensor: blk.26.attn_output.weight to Q8_0_C (u8, block_size=2048)
SHARED ggml_backend_openvino_buffer_set_tensor: blk.26.attn_q_norm.weight
SHARED ggml_backend_openvino_buffer_set_tensor: blk.26.attn_k_norm.weight
SHARED ggml_backend_openvino_buffer_set_tensor: blk.26.post_attention_norm.weight
SHARED ggml_backend_openvino_buffer_set_tensor: blk.26.layer_output_scale.weight
SHARED ggml_backend_openvino_buffer_set_tensor: blk.26.ffn_norm.weight
REQUANT ggml_backend_openvino_buffer_set_tensor: blk.26.ffn_gate.weight to Q8_0_C (u8, block_size=1536)
REQUANT ggml_backend_openvino_buffer_set_tensor: blk.26.ffn_up.weight to Q8_0_C (u8, block_size=1536)
.REQUANT ggml_backend_openvino_buffer_set_tensor: blk.26.ffn_down.weight to Q8_0_C (u8, block_size=12288)
SHARED ggml_backend_openvino_buffer_set_tensor: blk.26.post_ffw_norm.weight
REQUANT ggml_backend_openvino_buffer_set_tensor: blk.26.inp_gate.weight to Q8_0_C (u8, block_size=1536)
REQUANT ggml_backend_openvino_buffer_set_tensor: blk.26.proj.weight to Q8_0_C (u8, block_size=256)
SHARED ggml_backend_openvino_buffer_set_tensor: blk.26.post_norm.weight
SHARED ggml_backend_openvino_buffer_set_tensor: blk.27.attn_norm.weight
REQUANT ggml_backend_openvino_buffer_set_tensor: blk.27.attn_q.weight to Q8_0_C (u8, block_size=1536)
REQUANT ggml_backend_openvino_buffer_set_tensor: blk.27.attn_k.weight to Q8_0_C (u8, block_size=1536)
REQUANT ggml_backend_openvino_buffer_set_tensor: blk.27.attn_v.weight to Q8_0_C (u8, block_size=1536)
REQUANT ggml_backend_openvino_buffer_set_tensor: blk.27.attn_output.weight to Q8_0_C (u8, block_size=2048)
SHARED ggml_backend_openvino_buffer_set_tensor: blk.27.attn_q_norm.weight
SHARED ggml_backend_openvino_buffer_set_tensor: blk.27.attn_k_norm.weight
SHARED ggml_backend_openvino_buffer_set_tensor: blk.27.post_attention_norm.weight
SHARED ggml_backend_openvino_buffer_set_tensor: blk.27.layer_output_scale.weight
SHARED ggml_backend_openvino_buffer_set_tensor: blk.27.ffn_norm.weight
REQUANT ggml_backend_openvino_buffer_set_tensor: blk.27.ffn_gate.weight to Q8_0_C (u8, block_size=1536)
.REQUANT ggml_backend_openvino_buffer_set_tensor: blk.27.ffn_up.weight to Q8_0_C (u8, block_size=1536)
REQUANT ggml_backend_openvino_buffer_set_tensor: blk.27.ffn_down.weight to Q8_0_C (u8, block_size=12288)
SHARED ggml_backend_openvino_buffer_set_tensor: blk.27.post_ffw_norm.weight
REQUANT ggml_backend_openvino_buffer_set_tensor: blk.27.inp_gate.weight to Q8_0_C (u8, block_size=1536)
REQUANT ggml_backend_openvino_buffer_set_tensor: blk.27.proj.weight to Q8_0_C (u8, block_size=256)
SHARED ggml_backend_openvino_buffer_set_tensor: blk.27.post_norm.weight
SHARED ggml_backend_openvino_buffer_set_tensor: blk.28.attn_norm.weight
REQUANT ggml_backend_openvino_buffer_set_tensor: blk.28.attn_q.weight to Q8_0_C (u8, block_size=1536)
REQUANT ggml_backend_openvino_buffer_set_tensor: blk.28.attn_k.weight to Q8_0_C (u8, block_size=1536)
REQUANT ggml_backend_openvino_buffer_set_tensor: blk.28.attn_v.weight to Q8_0_C (u8, block_size=1536)
REQUANT ggml_backend_openvino_buffer_set_tensor: blk.28.attn_output.weight to Q8_0_C (u8, block_size=2048)
SHARED ggml_backend_openvino_buffer_set_tensor: blk.28.attn_q_norm.weight
SHARED ggml_backend_openvino_buffer_set_tensor: blk.28.attn_k_norm.weight
SHARED ggml_backend_openvino_buffer_set_tensor: blk.28.post_attention_norm.weight
SHARED ggml_backend_openvino_buffer_set_tensor: blk.28.layer_output_scale.weight
SHARED ggml_backend_openvino_buffer_set_tensor: blk.28.ffn_norm.weight
REQUANT ggml_backend_openvino_buffer_set_tensor: blk.28.ffn_gate.weight to Q8_0_C (u8, block_size=1536)
.REQUANT ggml_backend_openvino_buffer_set_tensor: blk.28.ffn_up.weight to Q8_0_C (u8, block_size=1536)
REQUANT ggml_backend_openvino_buffer_set_tensor: blk.28.ffn_down.weight to Q8_0_C (u8, block_size=12288)
.SHARED ggml_backend_openvino_buffer_set_tensor: blk.28.post_ffw_norm.weight
REQUANT ggml_backend_openvino_buffer_set_tensor: blk.28.inp_gate.weight to Q8_0_C (u8, block_size=1536)
REQUANT ggml_backend_openvino_buffer_set_tensor: blk.28.proj.weight to Q8_0_C (u8, block_size=256)
SHARED ggml_backend_openvino_buffer_set_tensor: blk.28.post_norm.weight
SHARED ggml_backend_openvino_buffer_set_tensor: blk.29.attn_norm.weight
REQUANT ggml_backend_openvino_buffer_set_tensor: blk.29.attn_q.weight to Q8_0_C (u8, block_size=1536)
REQUANT ggml_backend_openvino_buffer_set_tensor: blk.29.attn_k.weight to Q8_0_C (u8, block_size=1536)
REQUANT ggml_backend_openvino_buffer_set_tensor: blk.29.attn_v.weight to Q8_0_C (u8, block_size=1536)
REQUANT ggml_backend_openvino_buffer_set_tensor: blk.29.attn_output.weight to Q8_0_C (u8, block_size=4096)
SHARED ggml_backend_openvino_buffer_set_tensor: blk.29.attn_q_norm.weight
SHARED ggml_backend_openvino_buffer_set_tensor: blk.29.attn_k_norm.weight
SHARED ggml_backend_openvino_buffer_set_tensor: blk.29.post_attention_norm.weight
SHARED ggml_backend_openvino_buffer_set_tensor: blk.29.layer_output_scale.weight
SHARED ggml_backend_openvino_buffer_set_tensor: blk.29.ffn_norm.weight
REQUANT ggml_backend_openvino_buffer_set_tensor: blk.29.ffn_gate.weight to Q8_0_C (u8, block_size=1536)
REQUANT ggml_backend_openvino_buffer_set_tensor: blk.29.ffn_up.weight to Q8_0_C (u8, block_size=1536)
.REQUANT ggml_backend_openvino_buffer_set_tensor: blk.29.ffn_down.weight to Q8_0_C (u8, block_size=12288)
SHARED ggml_backend_openvino_buffer_set_tensor: blk.29.post_ffw_norm.weight
REQUANT ggml_backend_openvino_buffer_set_tensor: blk.29.inp_gate.weight to Q8_0_C (u8, block_size=1536)
REQUANT ggml_backend_openvino_buffer_set_tensor: blk.29.proj.weight to Q8_0_C (u8, block_size=256)
SHARED ggml_backend_openvino_buffer_set_tensor: blk.29.post_norm.weight
SHARED ggml_backend_openvino_buffer_set_tensor: blk.30.attn_norm.weight
REQUANT ggml_backend_openvino_buffer_set_tensor: blk.30.attn_q.weight to Q8_0_C (u8, block_size=1536)
REQUANT ggml_backend_openvino_buffer_set_tensor: blk.30.attn_k.weight to Q8_0_C (u8, block_size=1536)
REQUANT ggml_backend_openvino_buffer_set_tensor: blk.30.attn_v.weight to Q8_0_C (u8, block_size=1536)
REQUANT ggml_backend_openvino_buffer_set_tensor: blk.30.attn_output.weight to Q8_0_C (u8, block_size=2048)
SHARED ggml_backend_openvino_buffer_set_tensor: blk.30.attn_q_norm.weight
SHARED ggml_backend_openvino_buffer_set_tensor: blk.30.attn_k_norm.weight
SHARED ggml_backend_openvino_buffer_set_tensor: blk.30.post_attention_norm.weight
SHARED ggml_backend_openvino_buffer_set_tensor: blk.30.layer_output_scale.weight
SHARED ggml_backend_openvino_buffer_set_tensor: blk.30.ffn_norm.weight
REQUANT ggml_backend_openvino_buffer_set_tensor: blk.30.ffn_gate.weight to Q8_0_C (u8, block_size=1536)
.REQUANT ggml_backend_openvino_buffer_set_tensor: blk.30.ffn_up.weight to Q8_0_C (u8, block_size=1536)
REQUANT ggml_backend_openvino_buffer_set_tensor: blk.30.ffn_down.weight to Q8_0_C (u8, block_size=12288)
SHARED ggml_backend_openvino_buffer_set_tensor: blk.30.post_ffw_norm.weight
REQUANT ggml_backend_openvino_buffer_set_tensor: blk.30.inp_gate.weight to Q8_0_C (u8, block_size=1536)
REQUANT ggml_backend_openvino_buffer_set_tensor: blk.30.proj.weight to Q8_0_C (u8, block_size=256)
SHARED ggml_backend_openvino_buffer_set_tensor: blk.30.post_norm.weight
SHARED ggml_backend_openvino_buffer_set_tensor: blk.31.attn_norm.weight
REQUANT ggml_backend_openvino_buffer_set_tensor: blk.31.attn_q.weight to Q8_0_C (u8, block_size=1536)
REQUANT ggml_backend_openvino_buffer_set_tensor: blk.31.attn_k.weight to Q8_0_C (u8, block_size=1536)
REQUANT ggml_backend_openvino_buffer_set_tensor: blk.31.attn_v.weight to Q8_0_C (u8, block_size=1536)
REQUANT ggml_backend_openvino_buffer_set_tensor: blk.31.attn_output.weight to Q8_0_C (u8, block_size=2048)
SHARED ggml_backend_openvino_buffer_set_tensor: blk.31.attn_q_norm.weight
SHARED ggml_backend_openvino_buffer_set_tensor: blk.31.attn_k_norm.weight
SHARED ggml_backend_openvino_buffer_set_tensor: blk.31.post_attention_norm.weight
SHARED ggml_backend_openvino_buffer_set_tensor: blk.31.layer_output_scale.weight
SHARED ggml_backend_openvino_buffer_set_tensor: blk.31.ffn_norm.weight
REQUANT ggml_backend_openvino_buffer_set_tensor: blk.31.ffn_gate.weight to Q8_0_C (u8, block_size=1536)
.REQUANT ggml_backend_openvino_buffer_set_tensor: blk.31.ffn_up.weight to Q8_0_C (u8, block_size=1536)
REQUANT ggml_backend_openvino_buffer_set_tensor: blk.31.ffn_down.weight to Q8_0_C (u8, block_size=12288)
.SHARED ggml_backend_openvino_buffer_set_tensor: blk.31.post_ffw_norm.weight
REQUANT ggml_backend_openvino_buffer_set_tensor: blk.31.inp_gate.weight to Q8_0_C (u8, block_size=1536)
REQUANT ggml_backend_openvino_buffer_set_tensor: blk.31.proj.weight to Q8_0_C (u8, block_size=256)
SHARED ggml_backend_openvino_buffer_set_tensor: blk.31.post_norm.weight
SHARED ggml_backend_openvino_buffer_set_tensor: blk.32.attn_norm.weight
REQUANT ggml_backend_openvino_buffer_set_tensor: blk.32.attn_q.weight to Q8_0_C (u8, block_size=1536)
REQUANT ggml_backend_openvino_buffer_set_tensor: blk.32.attn_k.weight to Q8_0_C (u8, block_size=1536)
REQUANT ggml_backend_openvino_buffer_set_tensor: blk.32.attn_v.weight to Q8_0_C (u8, block_size=1536)
REQUANT ggml_backend_openvino_buffer_set_tensor: blk.32.attn_output.weight to Q8_0_C (u8, block_size=2048)
SHARED ggml_backend_openvino_buffer_set_tensor: blk.32.attn_q_norm.weight
SHARED ggml_backend_openvino_buffer_set_tensor: blk.32.attn_k_norm.weight
SHARED ggml_backend_openvino_buffer_set_tensor: blk.32.post_attention_norm.weight
SHARED ggml_backend_openvino_buffer_set_tensor: blk.32.layer_output_scale.weight
SHARED ggml_backend_openvino_buffer_set_tensor: blk.32.ffn_norm.weight
REQUANT ggml_backend_openvino_buffer_set_tensor: blk.32.ffn_gate.weight to Q8_0_C (u8, block_size=1536)
REQUANT ggml_backend_openvino_buffer_set_tensor: blk.32.ffn_up.weight to Q8_0_C (u8, block_size=1536)
REQUANT ggml_backend_openvino_buffer_set_tensor: blk.32.ffn_down.weight to Q8_0_C (u8, block_size=12288)
.SHARED ggml_backend_openvino_buffer_set_tensor: blk.32.post_ffw_norm.weight
REQUANT ggml_backend_openvino_buffer_set_tensor: blk.32.inp_gate.weight to Q8_0_C (u8, block_size=1536)
REQUANT ggml_backend_openvino_buffer_set_tensor: blk.32.proj.weight to Q8_0_C (u8, block_size=256)
SHARED ggml_backend_openvino_buffer_set_tensor: blk.32.post_norm.weight
SHARED ggml_backend_openvino_buffer_set_tensor: blk.33.attn_norm.weight
REQUANT ggml_backend_openvino_buffer_set_tensor: blk.33.attn_q.weight to Q8_0_C (u8, block_size=1536)
REQUANT ggml_backend_openvino_buffer_set_tensor: blk.33.attn_k.weight to Q8_0_C (u8, block_size=1536)
REQUANT ggml_backend_openvino_buffer_set_tensor: blk.33.attn_v.weight to Q8_0_C (u8, block_size=1536)
REQUANT ggml_backend_openvino_buffer_set_tensor: blk.33.attn_output.weight to Q8_0_C (u8, block_size=2048)
SHARED ggml_backend_openvino_buffer_set_tensor: blk.33.attn_q_norm.weight
SHARED ggml_backend_openvino_buffer_set_tensor: blk.33.attn_k_norm.weight
SHARED ggml_backend_openvino_buffer_set_tensor: blk.33.post_attention_norm.weight
SHARED ggml_backend_openvino_buffer_set_tensor: blk.33.layer_output_scale.weight
SHARED ggml_backend_openvino_buffer_set_tensor: blk.33.ffn_norm.weight
REQUANT ggml_backend_openvino_buffer_set_tensor: blk.33.ffn_gate.weight to Q8_0_C (u8, block_size=1536)
REQUANT ggml_backend_openvino_buffer_set_tensor: blk.33.ffn_up.weight to Q8_0_C (u8, block_size=1536)
.REQUANT ggml_backend_openvino_buffer_set_tensor: blk.33.ffn_down.weight to Q8_0_C (u8, block_size=12288)
SHARED ggml_backend_openvino_buffer_set_tensor: blk.33.post_ffw_norm.weight
REQUANT ggml_backend_openvino_buffer_set_tensor: blk.33.inp_gate.weight to Q8_0_C (u8, block_size=1536)
REQUANT ggml_backend_openvino_buffer_set_tensor: blk.33.proj.weight to Q8_0_C (u8, block_size=256)
SHARED ggml_backend_openvino_buffer_set_tensor: blk.33.post_norm.weight
SHARED ggml_backend_openvino_buffer_set_tensor: blk.34.attn_norm.weight
REQUANT ggml_backend_openvino_buffer_set_tensor: blk.34.attn_q.weight to Q8_0_C (u8, block_size=1536)
REQUANT ggml_backend_openvino_buffer_set_tensor: blk.34.attn_k.weight to Q8_0_C (u8, block_size=1536)
REQUANT ggml_backend_openvino_buffer_set_tensor: blk.34.attn_v.weight to Q8_0_C (u8, block_size=1536)
REQUANT ggml_backend_openvino_buffer_set_tensor: blk.34.attn_output.weight to Q8_0_C (u8, block_size=4096)
SHARED ggml_backend_openvino_buffer_set_tensor: blk.34.attn_q_norm.weight
SHARED ggml_backend_openvino_buffer_set_tensor: blk.34.attn_k_norm.weight
SHARED ggml_backend_openvino_buffer_set_tensor: blk.34.post_attention_norm.weight
SHARED ggml_backend_openvino_buffer_set_tensor: blk.34.layer_output_scale.weight
SHARED ggml_backend_openvino_buffer_set_tensor: blk.34.ffn_norm.weight
REQUANT ggml_backend_openvino_buffer_set_tensor: blk.34.ffn_gate.weight to Q8_0_C (u8, block_size=1536)
.REQUANT ggml_backend_openvino_buffer_set_tensor: blk.34.ffn_up.weight to Q8_0_C (u8, block_size=1536)
REQUANT ggml_backend_openvino_buffer_set_tensor: blk.34.ffn_down.weight to Q8_0_C (u8, block_size=12288)
SHARED ggml_backend_openvino_buffer_set_tensor: blk.34.post_ffw_norm.weight
REQUANT ggml_backend_openvino_buffer_set_tensor: blk.34.inp_gate.weight to Q8_0_C (u8, block_size=1536)
REQUANT ggml_backend_openvino_buffer_set_tensor: blk.34.proj.weight to Q8_0_C (u8, block_size=256)
SHARED ggml_backend_openvino_buffer_set_tensor: blk.34.post_norm.weight
